<html>
<body>
<pre>
<h1>µVision Build Log</h1>
<h2>Tool Versions:</h2>
IDE-Version: µVision V5.36.0.0
Copyright (C) 2021 ARM Ltd and ARM Germany GmbH. All rights reserved.
License Information:  Nam Dang, dang hung, LIC=JL29U-SNW6G-SB0EJ-UKGFC-NZ0PY-GZWVX
 
Tool Versions:
Toolchain:       MDK-ARM Plus  Version: 5.36.0.0
Toolchain Path:  C:\Keil_v5\ARM\ARMCC\Bin
C Compiler:      Armcc.exe V5.06 update 7 (build 960)
Assembler:       Armasm.exe V5.06 update 7 (build 960)
Linker/Locator:  ArmLink.exe V5.06 update 7 (build 960)
Library Manager: ArmAr.exe V5.06 update 7 (build 960)
Hex Converter:   FromElf.exe V5.06 update 7 (build 960)
CPU DLL:         SARMCM3.DLL V5.36.0.0
Dialog DLL:      DCM.DLL V1.17.3.0
Target DLL:      STLink\ST-LINKIII-KEIL_SWO.dll V3.0.9.0
Dialog DLL:      TCM.DLL V1.53.0.0
 
<h2>Project:</h2>
F:\STM\LCD\MDK-ARM\LCD.uvprojx
Project File Date:  11/17/2021

<h2>Output:</h2>
  
Warning: *** SUPPORT EXPIRED, NEW PRODUCT SERIAL NUMBER REQUIRED ***
         *** Running with Code Size Limit: 32K                   ***
*** Using Compiler 'V5.06 update 7 (build 960)', folder: 'C:\Keil_v5\ARM\ARMCC\Bin'
Build target 'LCD'
compiling main.c...
../Core/Src/main.c(25): warning:  #188-D: enumerated type mixed with another type
  	 HAL_GPIO_WritePin(GPIOD,GPIO_PIN_0,b0);
../Core/Src/main.c(26): warning:  #188-D: enumerated type mixed with another type
  	 HAL_GPIO_WritePin(GPIOD,GPIO_PIN_1,b1);
../Core/Src/main.c(27): warning:  #188-D: enumerated type mixed with another type
  	 HAL_GPIO_WritePin(GPIOD,GPIO_PIN_2,b2);
../Core/Src/main.c(28): warning:  #188-D: enumerated type mixed with another type
  	 HAL_GPIO_WritePin(GPIOD,GPIO_PIN_3,b3);
../Core/Src/main.c(29): warning:  #188-D: enumerated type mixed with another type
  	 HAL_GPIO_WritePin(GPIOD,GPIO_PIN_4,b4);
../Core/Src/main.c(30): warning:  #188-D: enumerated type mixed with another type
  	 HAL_GPIO_WritePin(GPIOD,GPIO_PIN_5,b5);
../Core/Src/main.c(31): warning:  #188-D: enumerated type mixed with another type
  	 HAL_GPIO_WritePin(GPIOD,GPIO_PIN_6,b6);
../Core/Src/main.c(32): warning:  #188-D: enumerated type mixed with another type
  	 HAL_GPIO_WritePin(GPIOD,GPIO_PIN_7,b7);
../Core/Src/main.c: 8 warnings, 0 errors
linking...
Program Size: Code=3544 RO-data=452 RW-data=16 ZI-data=1632  
FromELF: creating hex file...
"LCD\LCD.axf" - 0 Error(s), 9 Warning(s).

<h2>Software Packages used:</h2>

Package Vendor: ARM
                http://www.keil.com/pack/ARM.CMSIS.5.8.0.pack
                ARM.CMSIS.5.8.0
                CMSIS (Common Microcontroller Software Interface Standard)
   * Component: CORE Version: 5.5.0

Package Vendor: Keil
                http://www.keil.com/pack/Keil.STM32F4xx_DFP.2.15.0.pack
                Keil.STM32F4xx_DFP.2.15.0
                STMicroelectronics STM32F4 Series Device Support, Drivers and Examples

<h2>Collection of Component include folders:</h2>
  .\RTE\_LCD
  C:\Keil_v5\ARM\PACK1\ARM\CMSIS\5.8.0\CMSIS\Core\Include
  C:\Keil_v5\ARM\PACK1\Keil\STM32F4xx_DFP\2.15.0\Drivers\CMSIS\Device\ST\STM32F4xx\Include

<h2>Collection of Component Files used:</h2>

   * Component: ARM::CMSIS:CORE:5.5.0
      Include file:  CMSIS\Core\Include\tz_context.h
Build Time Elapsed:  00:00:01
</pre>
</body>
</html>
